
> taha-hamada-portfolio@1.0.0 build
> next build

  ▲ Next.js 14.2.3

   Creating an optimized production build ...
npm : uncaughtException [Error: EPERM: operation not permitted, open 'C:\Users\Taha Hamada\OneDrive\Desktop\taha-hamada-portfolio\.next\trace'] {
At line:1 char:67
+ ... a\OneDrive\Desktop\taha-hamada-portfolio"; npm run build 2>&1 | Out-S ...
+                                                ~~~~~~~~~~~~~~~~~~
    + CategoryInfo          : NotSpecified: (uncaughtExcepti....next\trace'] {    :String) [], RemoteException
    + FullyQualifiedErrorId : NativeCommandError
 
  errno: -4048,
  code: 'EPERM',
  syscall: 'open',
  path: 'C:\\Users\\Taha Hamada\\OneDrive\\Desktop\\taha-hamada-portfolio\\.next\\trace'
}

